// Jest Snapshot v1, https://goo.gl/fbAQLP

exports[`should render dashboard 1`] = `
<div>
  <h1>
    This is dashboard Page
  </h1>
  <Connect(ExpenseListFilters) />
  <Connect(ExpensesSummary) />
  <Connect(ExpenseList) />
</div>
`;
